[32m2026-08-15 22:29:22 +0900[0m - dagster - [34mDEBUG[0m - __ASSET_JOB - 43463bee-1f81-458b-8c0a-255094733d26 - 44334 - LOGS_CAPTURED - Capturing logs for process (pid: 44334).
[32m2026-08-15 22:29:22 +0900[0m - dagster - [34mDEBUG[0m - __ASSET_JOB - 43463bee-1f81-458b-8c0a-255094733d26 - 44334 - collect_detections - STEP_START - Started execution of step "collect_detections".
[32m2026-08-15 22:29:22 +0900[0m - dagster - [34mINFO[0m - __ASSET_JOB - 43463bee-1f81-458b-8c0a-255094733d26 - collect_detections - [collect_detections] 실행: limactl shell default -- bash -c timeout 10 docker exec tetragon tetra getevents -o json | python3 -m purplebpf.defensive.mapper.mapper
[32m2026-08-15 22:29:24 +0900[0m - dagster - [34mINFO[0m - __ASSET_JOB - 43463bee-1f81-458b-8c0a-255094733d26 - collect_detections - [collect_detections] returncode=1
[32m2026-08-15 22:29:24 +0900[0m - dagster - [34mINFO[0m - __ASSET_JOB - 43463bee-1f81-458b-8c0a-255094733d26 - collect_detections - [collect_detections] stderr:
/usr/bin/python3: Error while finding module specification for 'purplebpf.defensive.mapper.mapper' (ModuleNotFoundError: No module named 'purplebpf')

[32m2026-08-15 22:29:24 +0900[0m - dagster - [34mERROR[0m - [31m__ASSET_JOB - 43463bee-1f81-458b-8c0a-255094733d26 - 44334 - collect_detections - STEP_FAILURE - Execution of step "collect_detections" failed.

dagster._core.definitions.events.Failure: 탐지 수집(Mapper) 실패 (returncode=1)

Stack Trace:
  File "/Users/kwonjunhui/Desktop/PurpleBPF/.venv/lib/python3.14/site-packages/dagster/_core/execution/plan/execute_plan.py", line 243, in dagster_event_sequence_for_step
    yield from check.generator(step_events)
  File "/Users/kwonjunhui/Desktop/PurpleBPF/.venv/lib/python3.14/site-packages/dagster/_core/execution/plan/execute_step.py", line 505, in core_dagster_event_sequence_for_step
    for user_event in _step_output_error_checked_user_event_sequence(
                      ~~~~~~~~~~~~~~~~~~~~~~~~~~~~~~~~~~~~~~~~~~~~~~^
        step_context,
        ^^^^^^^^^^^^^
        _process_asset_results_to_events(step_context, user_event_sequence),
        ^^^^^^^^^^^^^^^^^^^^^^^^^^^^^^^^^^^^^^^^^^^^^^^^^^^^^^^^^^^^^^^^^^^^
    ):
    ^
  File "/Users/kwonjunhui/Desktop/PurpleBPF/.venv/lib/python3.14/site-packages/dagster/_core/execution/plan/execute_step.py", line 184, in _step_output_error_checked_user_event_sequence
    for user_event in user_event_sequence:
                      ^^^^^^^^^^^^^^^^^^^
  File "/Users/kwonjunhui/Desktop/PurpleBPF/.venv/lib/python3.14/site-packages/dagster/_core/execution/plan/execute_step.py", line 88, in _process_asset_results_to_events
    for user_event in user_event_sequence:
                      ^^^^^^^^^^^^^^^^^^^
  File "/Users/kwonjunhui/Desktop/PurpleBPF/.venv/lib/python3.14/site-packages/dagster/_core/execution/plan/compute.py", line 188, in execute_core_compute
    for step_output in _yield_compute_results(step_context, inputs, compute_fn, compute_context):
                       ~~~~~~~~~~~~~~~~~~~~~~^^^^^^^^^^^^^^^^^^^^^^^^^^^^^^^^^^^^^^^^^^^^^^^^^^^
  File "/Users/kwonjunhui/Desktop/PurpleBPF/.venv/lib/python3.14/site-packages/dagster/_core/execution/plan/compute.py", line 157, in _yield_compute_results
    for event in iterate_with_context(
                 ~~~~~~~~~~~~~~~~~~~~^
        lambda: op_execution_error_boundary(
        ^^^^^^^^^^^^^^^^^^^^^^^^^^^^^^^^^^^^
    ...<7 lines>...
        user_event_generator,
        ^^^^^^^^^^^^^^^^^^^^^
    ):
    ^
  File "/Users/kwonjunhui/Desktop/PurpleBPF/.venv/lib/python3.14/site-packages/dagster/_utils/__init__.py", line 394, in iterate_with_context
    next_output = next(iterator)
  File "/Users/kwonjunhui/Desktop/PurpleBPF/.venv/lib/python3.14/site-packages/dagster/_core/execution/plan/compute_generator.py", line 136, in _coerce_op_compute_fn_to_iterator
    result = invoke_compute_fn(
        fn, context, kwargs, context_arg_provided, config_arg_class, resource_arg_mapping
    )
  File "/Users/kwonjunhui/Desktop/PurpleBPF/.venv/lib/python3.14/site-packages/dagster/_core/execution/plan/compute_generator.py", line 116, in invoke_compute_fn
    return fn(context, **args_to_pass) if context_arg_provided else fn(**args_to_pass)
           ~~^^^^^^^^^^^^^^^^^^^^^^^^^
  File "/Users/kwonjunhui/Desktop/PurpleBPF/orchestration/assets/coverage_loop.py", line 78, in collect_detections
    _require_success("탐지 수집(Mapper)", cmd, result)
    ~~~~~~~~~~~~~~~~^^^^^^^^^^^^^^^^^^^^^^^^^^^^^^^^^^
  File "/Users/kwonjunhui/Desktop/PurpleBPF/orchestration/assets/coverage_loop.py", line 27, in _require_success
    raise Failure(
    ...<6 lines>...
    )
[0m
