[32m2026-08-15 22:29:02 +0900[0m - dagster - [34mDEBUG[0m - __ASSET_JOB - 76abd843-72f1-4444-95b8-74dd3bb319ce - 44238 - LOGS_CAPTURED - Capturing logs for process (pid: 44238).
[32m2026-08-15 22:29:02 +0900[0m - dagster - [34mDEBUG[0m - __ASSET_JOB - 76abd843-72f1-4444-95b8-74dd3bb319ce - 44238 - run_attack_round - STEP_START - Started execution of step "run_attack_round".
[32m2026-08-15 22:29:02 +0900[0m - dagster - [34mINFO[0m - __ASSET_JOB - 76abd843-72f1-4444-95b8-74dd3bb319ce - run_attack_round - [run_attack_round] 실행: limactl shell default -- bash -c cd /Users/kwonjunhui/Desktop/PurpleBPF && source ~/purplebpf.env && python3 -m purplebpf.offensive.executor.executor T1059.004
[32m2026-08-15 22:29:29 +0900[0m - dagster - [34mINFO[0m - __ASSET_JOB - 76abd843-72f1-4444-95b8-74dd3bb319ce - run_attack_round - [run_attack_round] returncode=0
[32m2026-08-15 22:29:29 +0900[0m - dagster - [34mINFO[0m - __ASSET_JOB - 76abd843-72f1-4444-95b8-74dd3bb319ce - run_attack_round - [run_attack_round] stdout:
=== 1차 필터 판정 ===
{
  "verdict": "PASS",
  "checks": {
    "structure": {
      "passed": true,
      "issues": []
    },
    "syntax": {
      "passed": true,
      "issues": [
        {
          "level": "warning",
          "message": "shellcheck가 설치되어 있지 않아 문법 검사를 건너뛴다."
        }
      ]
    },
    "ordering": {
      "passed": true,
      "issues": []
    }
  },
  "reasons": []
}
=== 실행 결과 (execution_log 기록) ===
{
  "run_id": 8,
  "round_id": 1,
  "chain_id": "1a7e62df-02cf-4864-85e9-fc6ccaea923e",
  "technique": "T1059.004",
  "channel": "syscall",
  "success": false,
  "started_at": "2026-08-15 13:29:29.065289+00:00",
  "finished_at": "2026-08-15 13:29:29.082043+00:00",
  "container_id": "c1126c04a686",
  "created_at": "2026-08-15 13:29:29.105651+00:00",
  "step_results": [
    {
      "order": 1,
      "command": "bash /path/to/malicious_script.sh",
      "exit_code": 127,
      "output": "bash: /path/to/malicious_script.sh: No such file or directory\n"
    }
  ]
}

[32m2026-08-15 22:29:29 +0900[0m - dagster - [34mDEBUG[0m - __ASSET_JOB - 76abd843-72f1-4444-95b8-74dd3bb319ce - 44238 - run_attack_round - STEP_OUTPUT - Yielded output "result" of type "Any". (Type check passed).
[32m2026-08-15 22:29:29 +0900[0m - dagster - [34mDEBUG[0m - __ASSET_JOB - 76abd843-72f1-4444-95b8-74dd3bb319ce - 44238 - run_attack_round - ASSET_MATERIALIZATION - Materialized value run_attack_round.
[32m2026-08-15 22:29:29 +0900[0m - dagster - [34mDEBUG[0m - __ASSET_JOB - 76abd843-72f1-4444-95b8-74dd3bb319ce - 44238 - run_attack_round - STEP_SUCCESS - Finished execution of step "run_attack_round" in 27.12s.
